[ 2026-05-03 10:59:54,094 ] 20 root - INFO - Log file created successfully!
[ 2026-05-03 10:59:54,812 ] 29 root - INFO - ======================================================================
[ 2026-05-03 10:59:54,813 ] 30 root - INFO - TRAINING PIPELINE STARTED
[ 2026-05-03 10:59:54,813 ] 31 root - INFO - ======================================================================
[ 2026-05-03 10:59:54,813 ] 38 root - INFO - Loading Dataset: data/customer_churn.xlsx
[ 2026-05-03 10:59:54,813 ] 6 root - INFO - Loading Dataset
[ 2026-05-03 10:59:56,193 ] 42 root - INFO - Dataset Loaded Successfully | Shape = (7043, 33)
[ 2026-05-03 10:59:56,194 ] 27 root - INFO - Preprocessing Started
[ 2026-05-03 10:59:56,208 ] 36 root - INFO - Duplicates Removed: 0
[ 2026-05-03 10:59:56,210 ] 61 root - INFO - Unnecessary columns dropped
[ 2026-05-03 10:59:56,221 ] 73 root - INFO - Missing values removed: 11
[ 2026-05-03 10:59:56,222 ] 83 root - INFO - Feature and target separated
[ 2026-05-03 10:59:56,222 ] 140 root - INFO - ColumnTransformer created successfully
[ 2026-05-03 10:59:56,254 ] 146 root - INFO - Feature transformation completed
[ 2026-05-03 10:59:56,254 ] 150 root - INFO - Splitting train/test data (70/30)
[ 2026-05-03 10:59:56,258 ] 162 root - INFO - Train Shape: (4922, 31)
[ 2026-05-03 10:59:56,258 ] 166 root - INFO - Test Shape: (2110, 31)
[ 2026-05-03 10:59:56,258 ] 170 root - INFO - Preprocessing Completed
[ 2026-05-03 10:59:56,258 ] 55 root - INFO - Preprocessing Completed Successfully
[ 2026-05-03 10:59:56,258 ] 27 root - INFO - Initializing ModelTrainer
[ 2026-05-03 10:59:56,258 ] 90 root - INFO - Training all models started
[ 2026-05-03 10:59:56,258 ] 68 root - INFO - Training Started: RandomForestClassifier
[ 2026-05-03 11:00:00,499 ] 82 root - INFO - Training Completed: RandomForestClassifier
[ 2026-05-03 11:00:00,499 ] 83 root - INFO - Best Params (RandomForestClassifier) = {'n_estimators': 100, 'min_samples_split': 5, 'max_depth': 10}
[ 2026-05-03 11:00:00,520 ] 54 root - INFO - Calculating evaluation metrics
[ 2026-05-03 11:00:00,530 ] 111 root - INFO - RandomForestClassifier | Accuracy=0.7986 | F1=0.5703 | ROC_AUC=0.7042
[ 2026-05-03 11:00:00,530 ] 68 root - INFO - Training Started: XGBClassifier
[ 2026-05-03 11:00:03,826 ] 82 root - INFO - Training Completed: XGBClassifier
[ 2026-05-03 11:00:03,826 ] 83 root - INFO - Best Params (XGBClassifier) = {'n_estimators': 200, 'max_depth': 3, 'learning_rate': 0.1}
[ 2026-05-03 11:00:03,829 ] 54 root - INFO - Calculating evaluation metrics
[ 2026-05-03 11:00:03,844 ] 111 root - INFO - XGBClassifier | Accuracy=0.7915 | F1=0.5802 | ROC_AUC=0.7119
[ 2026-05-03 11:00:03,860 ] 141 root - INFO - Best Model Selected: XGBClassifier
[ 2026-05-03 11:00:03,860 ] 68 root - INFO - All Models Trained Successfully
[ 2026-05-03 11:00:03,910 ] 91 root - INFO - Model results saved to reports/
[ 2026-05-03 11:00:03,916 ] 107 root - INFO - Best Model Saved: XGBClassifier
[ 2026-05-03 11:00:03,916 ] 111 root - INFO - Full Pipeline Saved Successfully
[ 2026-05-03 11:00:03,916 ] 156 root - INFO - Generating confusion matrix
[ 2026-05-03 11:05:43,625 ] 121 root - INFO - Confusion Matrix Generated
[ 2026-05-03 11:05:43,626 ] 125 root - INFO - ======================================================================
[ 2026-05-03 11:05:43,626 ] 126 root - INFO - TRAINING PIPELINE COMPLETED
[ 2026-05-03 11:05:43,626 ] 127 root - INFO - ======================================================================
[ 2026-05-03 11:05:43,634 ] 146 root - INFO - ======================================================================
[ 2026-05-03 11:05:43,634 ] 147 root - INFO - PREDICTION PIPELINE STARTED
[ 2026-05-03 11:05:43,634 ] 148 root - INFO - ======================================================================
[ 2026-05-03 11:05:43,634 ] 25 root - INFO - Initializing Prediction Pipeline
[ 2026-05-03 11:05:43,642 ] 36 root - INFO - Model Loaded Successfully: models/full_pipeline.pkl
[ 2026-05-03 11:05:43,642 ] 69 root - INFO - Prediction Started
[ 2026-05-03 11:05:43,642 ] 49 root - INFO - Preparing input data
[ 2026-05-03 11:05:43,643 ] 53 root - INFO - Input Shape: (1, 20)
[ 2026-05-03 11:05:43,650 ] 77 root - INFO - Prediction Completed: Churn
[ 2026-05-03 11:05:43,650 ] 93 root - INFO - Probability Prediction Started
[ 2026-05-03 11:05:43,650 ] 49 root - INFO - Preparing input data
[ 2026-05-03 11:05:43,651 ] 53 root - INFO - Input Shape: (1, 20)
[ 2026-05-03 11:05:43,655 ] 103 root - INFO - Churn Probability: 0.6795
[ 2026-05-03 11:05:43,656 ] 128 root - INFO - Final Response Generated
[ 2026-05-03 11:05:43,656 ] 187 root - INFO - Prediction Output: {'Prediction': 'Churn', 'Churn_Probability': 0.6795}
[ 2026-05-03 11:05:43,656 ] 191 root - INFO - ======================================================================
[ 2026-05-03 11:05:43,656 ] 192 root - INFO - PREDICTION PIPELINE COMPLETED
[ 2026-05-03 11:05:43,656 ] 193 root - INFO - ======================================================================
